// Jest Snapshot v1, https://goo.gl/fbAQLP

exports[`Heart should match the snapshot 1`] = `
<main>
  <section>
    <Nav
      handleSearch={[Function]}
    />
    <Route
      exact={true}
      path="/"
      render={[Function]}
    />
    <Route
      exact={true}
      path="/favorites"
      render={[Function]}
    />
    <Route
      exact={true}
      path="/artist"
      render={[Function]}
    />
    <Route
      exact={true}
      path="/artist/:artist"
      render={[Function]}
    />
    <Route
      exact={true}
      path="/medium"
      render={[Function]}
    />
    <Route
      exact={true}
      path="/medium/:medium"
      render={[Function]}
    />
    <Route
      exact={true}
      path="/color"
      render={[Function]}
    />
    <Route
      exact={true}
      path="/color/:color"
      render={[Function]}
    />
    <Route
      exact={true}
      path="/century"
      render={[Function]}
    />
    <Route
      exact={true}
      path="/century/:century"
      render={[Function]}
    />
    <Route
      exact={true}
      path="/type"
      render={[Function]}
    />
    <Route
      exact={true}
      path="/type/:type"
      render={[Function]}
    />
    <Route
      exact={true}
      path="/place"
      render={[Function]}
    />
    <Route
      exact={true}
      path="/place/:place"
      render={[Function]}
    />
    <Route
      exact={true}
      path="/technique"
      render={[Function]}
    />
    <Route
      exact={true}
      path="/technique/:technique"
      render={[Function]}
    />
    <Route
      path="/paintings/:id"
      render={[Function]}
    />
  </section>
</main>
`;
